2026-06-23 13:39:09 
2026-06-23 13:39:09 ========================================
2026-06-23 13:39:09 wifiStartup begin
2026-06-23 13:39:09 ========================================
2026-06-23 13:39:09 Trying WiFi profile: Sherwood1
2026-06-23 13:39:34 Error: Connection activation failed: The Wi-Fi network could not be found
Hint: use 'journalctl -xe NM_CONNECTION=98cf1885-d3d9-412a-a627-5d7a68a667a3 + NM_DEVICE=wlan0' to get more details.
2026-06-23 13:39:34 Failed profile: Sherwood1
2026-06-23 13:39:34 Trying WiFi profile: Sherwood2
2026-06-23 13:39:34 Error: unknown connection 'Sherwood2'.
2026-06-23 13:39:34 Failed profile: Sherwood2
2026-06-23 13:39:34 Trying WiFi profile: SherwoodWorks
2026-06-23 13:39:34 Error: unknown connection 'SherwoodWorks'.
2026-06-23 13:39:34 Failed profile: SherwoodWorks
2026-06-23 13:39:34 Trying WiFi profile: Junk
2026-06-23 13:39:34 Error: unknown connection 'Junk'.
2026-06-23 13:39:34 Failed profile: Junk
2026-06-23 13:39:34 No known WiFi profile connected
2026-06-23 13:39:34 Starting AP profile: Hotspot
2026-06-23 13:39:34 Connection successfully activated (D-Bus active path: /org/freedesktop/NetworkManager/ActiveConnection/3)
2026-06-23 13:39:34 AP started: PiCamera3709
2026-06-23 13:39:35 
2026-06-23 13:39:35 Access info:
2026-06-23 13:39:35 Local IP addresses:
2026-06-23 13:39:35     10.42.0.1
2026-06-23 13:39:35     Web: http://10.42.0.1:8080
2026-06-23 13:39:35     SSH: ssh karlst@10.42.0.1
2026-06-23 13:39:35 Tailscale: not connected
2026-06-23 13:39:35 wifiStartup complete
2026-06-23 13:39:35 ========================================
2026-06-23 13:46:57 
2026-06-23 13:46:57 ========================================
2026-06-23 13:46:57 wifiStartup begin
2026-06-23 13:46:57 ========================================
2026-06-23 13:46:57 Trying WiFi profile: Sherwood1
2026-06-23 13:47:22 Error: Connection activation failed: The Wi-Fi network could not be found
Hint: use 'journalctl -xe NM_CONNECTION=98cf1885-d3d9-412a-a627-5d7a68a667a3 + NM_DEVICE=wlan0' to get more details.
2026-06-23 13:47:22 Failed profile: Sherwood1
2026-06-23 13:47:22 Trying WiFi profile: Sherwood2
2026-06-23 13:47:22 Error: unknown connection 'Sherwood2'.
2026-06-23 13:47:22 Failed profile: Sherwood2
2026-06-23 13:47:22 Trying WiFi profile: SherwoodWorks
2026-06-23 13:47:29 Connection successfully activated (D-Bus active path: /org/freedesktop/NetworkManager/ActiveConnection/3)
2026-06-23 13:47:29 Connected using profile: SherwoodWorks
2026-06-23 13:47:30 
2026-06-23 13:47:30 Access info:
2026-06-23 13:47:30 Local IP addresses:
2026-06-23 13:47:30     192.168.2.154
2026-06-23 13:47:30     Web: http://192.168.2.154:8080
2026-06-23 13:47:30     SSH: ssh karlst@192.168.2.154
2026-06-23 13:47:30 Tailscale: not connected
2026-06-23 13:47:30 wifiStartup complete
2026-06-23 13:47:30 ========================================
